15:20:08  == inputs
15:20:08    clang: clang version 22.1.8
15:20:08    llvm-mingw: clang version 23.1.2 (https://github.com/llvm/llvm-project.git 85ac560262434c9ccfc0c183ec22d4138ed647fb) ($LLVM_MINGW)
15:20:08    ld64: @(#)PROGRAM:ld  PROJECT:ld64-956.6
15:20:09    xtool: xtool 1.20.1 (dirty)
15:20:09    swift: Swift version 6.4 (swift-6.4-RELEASE)
15:20:09    sdk: iPhoneOS26.5.sdk MacOSX26.5.sdk
15:20:09  == sources
15:21:18    madeira 5a82d392ecd9ba7b85dc0b30034f8205a05009cf, wine e828644329967ec9d411b0025f6ca57ff9d04d85, fex 0f8edf8f6383ae8085e0ffac511c789cdae97514, dxmt 7c8dee1c2d73415301ceb7d1fa810861cef4cd67 + dxmt-port from 0cb976618700b0a5348879b943caffa0c2cd1432, rpmalloc 1f271c0c3202663801a0aec32bdb57e5241d6a0e
15:21:18  == unix
15:22:50    LINK FAIL $PLAYPORT_BUILD/lanes/dxmt-rebase/run/unix/mythic/app/Madeira/libwineserver.a: duplicate symbol: native_machine duplicate symbol: server_start_time duplicate symbol: supported_machines duplicate symbol: supported_machines_count
15:22:50    LINK OK   $PLAYPORT_BUILD/lanes/dxmt-rebase/run/unix/linktest/libwineserver-ws4.a (1001 gnutls_* functions linked)
15:22:50  == pe
15:27:26    wine-pe aarch64 manifest CHANGED: build/generated/wine-pe-aarch64-windows.tsv rewritten
15:27:26    wine-pe arm64ec manifest CHANGED: build/generated/wine-pe-arm64ec-windows.tsv rewritten
15:27:26  == fex
15:27:38    5388800 94d3125d5c270ad1485373d96d000eb4826459b99ff97cc5574d312325d32bd1 $PLAYPORT_BUILD/lanes/dxmt-rebase/run/fex/build-arm64ec/Bin/libarm64ecfex.dll
15:27:38  == dxmt
15:30:41  FAILED: env DXMT_BUILD_ROOT=$PLAYPORT_BUILD/lanes/dxmt-rebase/run/dxmt-run SHADER_HEADERS=$PLAYPORT_BUILD/lanes/dxmt-rebase/cache/air-helpers-15.0.7/shader-headers WINE=$PLAYPORT_BUILD/lanes/dxmt-rebase/run/pe/wine bash build/build-dxmt-patched.sh $PLAYPORT_BUILD/lanes/dxmt-rebase/run/dxmt-patched (log: $PLAYPORT_BUILD/lanes/dxmt-rebase/run/logs/dxmt.log)
17:04:49  == dxmt
17:05:34  FAILED: env DXMT_UNIX=$PLAYPORT_BUILD/lanes/dxmt-rebase/run/dxmt-patched TBLGEN=$PLAYPORT_BUILD/lanes/dxmt-rebase/cache/air-helpers-15.0.7/llvm15/bin/llvm-tblgen bash build/build-dxmt-combined.sh $PLAYPORT_BUILD/lanes/dxmt-rebase/run/dxmt-combined (log: $PLAYPORT_BUILD/lanes/dxmt-rebase/run/logs/dxmt.log)
17:05:41  == dxmt
17:09:02    ac55db104117da58  libdxmt_combined.a
17:09:02  == xinput
17:09:04  == stage
17:09:05    staged 279 artifacts (2 gaps); all sizes and sha256 match
17:09:05  == guests
17:09:24  == app
17:10:16  == verify
17:10:18  IPA $PLAYPORT_BUILD/lanes/dxmt-rebase/out/20260924-171018-b06e5497/Playport-26.5-b06e5497.ipa
17:10:18  sha256 b06e5497fd0e0a94dde7d9252265560bba4b6e13f14200fb46afeacfdc56ab6e
17:10:18  verify-ipa: 49 checks passed, 0 failed
17:10:18    record: app/artifacts.tsv                           |  496 ++---
17:10:18    record: build/generated/wine-pe-aarch64-windows.tsv | 2896 +++++++++++++--------------
17:10:18    record: build/generated/wine-pe-arm64ec-windows.tsv | 1970 +++++++++---------
17:10:18    record: 3 files changed, 2681 insertions(+), 2681 deletions(-)
17:10:18  done (dxmt..verify)
17:11:03  == fex
17:11:03    5388800 94d3125d5c270ad1485373d96d000eb4826459b99ff97cc5574d312325d32bd1 $PLAYPORT_BUILD/lanes/dxmt-rebase/run/fex/build-arm64ec/Bin/libarm64ecfex.dll
17:11:03  == dxmt
17:11:51    ac55db104117da58  libdxmt_combined.a
17:11:51  == xinput
17:11:53  == stage
17:11:54    staged 279 artifacts (2 gaps); all sizes and sha256 match
17:11:54  == guests
17:12:54  == app
17:13:09  == verify
